2026-09-28 14:14:33 | INFO     | Программа запущена
2026-09-28 14:14:37 | DEBUG    | Входные строки: '5', '4', '3'
2026-09-28 14:14:37 | INFO     | Результат: тип='разносторонний', координаты=[(10, 10), (13, 10), (13, 14)]
2026-10-05 13:05:15 | INFO     | Программа запущена
2026-10-05 13:05:28 | DEBUG    | Входные строки: '4', '3', '2'
2026-10-05 13:05:28 | INFO     | Результат: тип='разносторонний', координаты=[(10, 10), (12, 10), (13, 13)]
2026-10-05 13:12:48 | [INFO   ] | root | Программа запущена (main)
2026-10-05 13:12:53 | [DEBUG  ] | root | Получены входные строки: '2', '2', '2'
2026-10-05 13:12:53 | [DEBUG  ] | root | Распарсенные стороны: a=2.0, b=2.0, c=2.0
2026-10-05 13:12:53 | [INFO   ] | root | Определен тип треугольника: равносторонний
2026-10-05 13:12:53 | [DEBUG  ] | root | Вычисление координат для сторон: a=2.0, b=2.0, c=2.0
2026-10-05 13:12:53 | [DEBUG  ] | root | Raw coords: A(0,0), B(2.0,0), C(1.0, 1.7320508075688774)
2026-10-05 13:12:53 | [INFO   ] | root | Завершение работы. Результат: тип='равносторонний'
2026-10-05 13:13:53 | [INFO   ] | root | Программа запущена (main)
2026-10-05 13:13:58 | [DEBUG  ] | root | Получены входные строки: '5', '5', '2'
2026-10-05 13:13:58 | [DEBUG  ] | root | Распарсенные стороны: a=5.0, b=5.0, c=2.0
2026-10-05 13:13:58 | [INFO   ] | root | Определен тип треугольника: равнобедренный
2026-10-05 13:13:58 | [DEBUG  ] | root | Вычисление координат для сторон: a=5.0, b=5.0, c=2.0
2026-10-05 13:13:58 | [DEBUG  ] | root | Raw coords: A(0,0), B(2.0,0), C(1.0, 4.898979485566357)
2026-10-05 13:13:58 | [INFO   ] | root | Завершение работы. Результат: тип='равнобедренный'
2026-10-05 13:22:57 | [INFO   ] | root | Программа запущена в циклическом режиме
2026-10-05 13:23:05 | [DEBUG  ] | root | Получены входные строки: 'е', 'е', 'е'
2026-10-05 13:23:05 | [WARNING] | root | Обнаружены нечисловые или недопустимые данные: 'е', 'е', 'е'
2026-10-05 13:23:05 | [INFO   ] | root | Цикл завершен. Результат: тип=''
2026-10-05 13:23:09 | [DEBUG  ] | root | Получены входные строки: 'ц', '', 'к2'
2026-10-05 13:23:09 | [WARNING] | root | Обнаружены нечисловые или недопустимые данные: 'ц', '', 'к2'
2026-10-05 13:23:09 | [INFO   ] | root | Цикл завершен. Результат: тип=''
2026-10-05 13:23:12 | [DEBUG  ] | root | Получены входные строки: '2', '4', '6'
2026-10-05 13:23:12 | [DEBUG  ] | root | Распарсенные стороны: a=2.0, b=4.0, c=6.0
2026-10-05 13:23:12 | [INFO   ] | root | Неравенство треугольника нарушено: 2.0 + 4.0 <= 6.0
2026-10-05 13:23:12 | [INFO   ] | root | Цикл завершен. Результат: тип='не треугольник'
2026-10-05 13:23:25 | [DEBUG  ] | root | Получены входные строки: '6', '4', '1'
2026-10-05 13:23:25 | [DEBUG  ] | root | Распарсенные стороны: a=6.0, b=4.0, c=1.0
2026-10-05 13:23:25 | [INFO   ] | root | Неравенство треугольника нарушено: 1.0 + 4.0 <= 6.0
2026-10-05 13:23:25 | [INFO   ] | root | Цикл завершен. Результат: тип='не треугольник'
2026-10-05 13:23:30 | [DEBUG  ] | root | Получены входные строки: '1', '1', '1'
2026-10-05 13:23:30 | [DEBUG  ] | root | Распарсенные стороны: a=1.0, b=1.0, c=1.0
2026-10-05 13:23:30 | [INFO   ] | root | Определен тип треугольника: равносторонний
2026-10-05 13:23:30 | [DEBUG  ] | root | Вычисление координат для сторон: a=1.0, b=1.0, c=1.0
2026-10-05 13:23:30 | [DEBUG  ] | root | Raw coords: A(0,0), B(1.0,0), C(0.5, 0.8660254037844387)
2026-10-05 13:23:30 | [INFO   ] | root | Цикл завершен. Результат: тип='равносторонний'
2026-10-05 13:23:49 | [INFO   ] | root | Пользователь запросил выход из программы
